../Src/LCD.c:61:6:LCD_Init	16	static
../Src/LCD.c:100:6:LCD_clear	16	static
../Src/LCD.c:105:6:LCD_SendChar	16	static
../Src/LCD.c:119:6:LCD_SendString1	24	static
../Src/LCD.c:131:6:LCD_SendString	24	static
../Src/LCD.c:143:13:LCD_SendCommand	16	static
../Src/LCD.c:153:13:write_data	24	static
../Src/LCD.c:179:6:SET_PIN	8	static
../Src/LCD.c:186:6:LCD_SendData	16	static
../Src/LCD.c:196:6:LCD_GoTo	24	static
../Src/LCD.c:226:6:reverse	24	static
../Src/LCD.c:234:13:get_char	32	static
../Src/LCD.c:255:6:LCD_voidWriteInt	40	static
../Src/LCD.c:261:6:Key_Init	4	static
../Src/LCD.c:265:6:Dis_GameOver	4	static
../Src/LCD.c:269:6:Dis_Border	4	static
