Archive member included to satisfy reference by file (symbol)

C:/ST/STM32CubeIDE_1.13.2/STM32CubeIDE/plugins/com.st.stm32cube.ide.mcu.externaltools.gnu-tools-for-stm32.11.3.rel1.win32_1.1.1.202309131626/tools/bin/../lib/gcc/arm-none-eabi/11.3.1/../../../../arm-none-eabi/lib/thumb/v7-m/nofp\libc_nano.a(libc_a-exit.o)
                              C:/ST/STM32CubeIDE_1.13.2/STM32CubeIDE/plugins/com.st.stm32cube.ide.mcu.externaltools.gnu-tools-for-stm32.11.3.rel1.win32_1.1.1.202309131626/tools/bin/../lib/gcc/arm-none-eabi/11.3.1/../../../../arm-none-eabi/lib/thumb/v7-m/nofp/crt0.o (exit)
C:/ST/STM32CubeIDE_1.13.2/STM32CubeIDE/plugins/com.st.stm32cube.ide.mcu.externaltools.gnu-tools-for-stm32.11.3.rel1.win32_1.1.1.202309131626/tools/bin/../lib/gcc/arm-none-eabi/11.3.1/../../../../arm-none-eabi/lib/thumb/v7-m/nofp\libc_nano.a(libc_a-findfp.o)
                              C:/ST/STM32CubeIDE_1.13.2/STM32CubeIDE/plugins/com.st.stm32cube.ide.mcu.externaltools.gnu-tools-for-stm32.11.3.rel1.win32_1.1.1.202309131626/tools/bin/../lib/gcc/arm-none-eabi/11.3.1/../../../../arm-none-eabi/lib/thumb/v7-m/nofp\libc_nano.a(libc_a-exit.o) (__stdio_exit_handler)
C:/ST/STM32CubeIDE_1.13.2/STM32CubeIDE/plugins/com.st.stm32cube.ide.mcu.externaltools.gnu-tools-for-stm32.11.3.rel1.win32_1.1.1.202309131626/tools/bin/../lib/gcc/arm-none-eabi/11.3.1/../../../../arm-none-eabi/lib/thumb/v7-m/nofp\libc_nano.a(libc_a-fwalk.o)
                              C:/ST/STM32CubeIDE_1.13.2/STM32CubeIDE/plugins/com.st.stm32cube.ide.mcu.externaltools.gnu-tools-for-stm32.11.3.rel1.win32_1.1.1.202309131626/tools/bin/../lib/gcc/arm-none-eabi/11.3.1/../../../../arm-none-eabi/lib/thumb/v7-m/nofp\libc_nano.a(libc_a-findfp.o) (_fwalk_sglue)
C:/ST/STM32CubeIDE_1.13.2/STM32CubeIDE/plugins/com.st.stm32cube.ide.mcu.externaltools.gnu-tools-for-stm32.11.3.rel1.win32_1.1.1.202309131626/tools/bin/../lib/gcc/arm-none-eabi/11.3.1/../../../../arm-none-eabi/lib/thumb/v7-m/nofp\libc_nano.a(libc_a-stdio.o)
                              C:/ST/STM32CubeIDE_1.13.2/STM32CubeIDE/plugins/com.st.stm32cube.ide.mcu.externaltools.gnu-tools-for-stm32.11.3.rel1.win32_1.1.1.202309131626/tools/bin/../lib/gcc/arm-none-eabi/11.3.1/../../../../arm-none-eabi/lib/thumb/v7-m/nofp\libc_nano.a(libc_a-findfp.o) (__sread)
C:/ST/STM32CubeIDE_1.13.2/STM32CubeIDE/plugins/com.st.stm32cube.ide.mcu.externaltools.gnu-tools-for-stm32.11.3.rel1.win32_1.1.1.202309131626/tools/bin/../lib/gcc/arm-none-eabi/11.3.1/../../../../arm-none-eabi/lib/thumb/v7-m/nofp\libc_nano.a(libc_a-memset.o)
                              C:/ST/STM32CubeIDE_1.13.2/STM32CubeIDE/plugins/com.st.stm32cube.ide.mcu.externaltools.gnu-tools-for-stm32.11.3.rel1.win32_1.1.1.202309131626/tools/bin/../lib/gcc/arm-none-eabi/11.3.1/../../../../arm-none-eabi/lib/thumb/v7-m/nofp/crt0.o (memset)
C:/ST/STM32CubeIDE_1.13.2/STM32CubeIDE/plugins/com.st.stm32cube.ide.mcu.externaltools.gnu-tools-for-stm32.11.3.rel1.win32_1.1.1.202309131626/tools/bin/../lib/gcc/arm-none-eabi/11.3.1/../../../../arm-none-eabi/lib/thumb/v7-m/nofp\libc_nano.a(libc_a-closer.o)
                              C:/ST/STM32CubeIDE_1.13.2/STM32CubeIDE/plugins/com.st.stm32cube.ide.mcu.externaltools.gnu-tools-for-stm32.11.3.rel1.win32_1.1.1.202309131626/tools/bin/../lib/gcc/arm-none-eabi/11.3.1/../../../../arm-none-eabi/lib/thumb/v7-m/nofp\libc_nano.a(libc_a-stdio.o) (_close_r)
C:/ST/STM32CubeIDE_1.13.2/STM32CubeIDE/plugins/com.st.stm32cube.ide.mcu.externaltools.gnu-tools-for-stm32.11.3.rel1.win32_1.1.1.202309131626/tools/bin/../lib/gcc/arm-none-eabi/11.3.1/../../../../arm-none-eabi/lib/thumb/v7-m/nofp\libc_nano.a(libc_a-reent.o)
                              C:/ST/STM32CubeIDE_1.13.2/STM32CubeIDE/plugins/com.st.stm32cube.ide.mcu.externaltools.gnu-tools-for-stm32.11.3.rel1.win32_1.1.1.202309131626/tools/bin/../lib/gcc/arm-none-eabi/11.3.1/../../../../arm-none-eabi/lib/thumb/v7-m/nofp\libc_nano.a(libc_a-closer.o) (errno)
C:/ST/STM32CubeIDE_1.13.2/STM32CubeIDE/plugins/com.st.stm32cube.ide.mcu.externaltools.gnu-tools-for-stm32.11.3.rel1.win32_1.1.1.202309131626/tools/bin/../lib/gcc/arm-none-eabi/11.3.1/../../../../arm-none-eabi/lib/thumb/v7-m/nofp\libc_nano.a(libc_a-impure.o)
                              C:/ST/STM32CubeIDE_1.13.2/STM32CubeIDE/plugins/com.st.stm32cube.ide.mcu.externaltools.gnu-tools-for-stm32.11.3.rel1.win32_1.1.1.202309131626/tools/bin/../lib/gcc/arm-none-eabi/11.3.1/../../../../arm-none-eabi/lib/thumb/v7-m/nofp\libc_nano.a(libc_a-reent.o) (_impure_ptr)
C:/ST/STM32CubeIDE_1.13.2/STM32CubeIDE/plugins/com.st.stm32cube.ide.mcu.externaltools.gnu-tools-for-stm32.11.3.rel1.win32_1.1.1.202309131626/tools/bin/../lib/gcc/arm-none-eabi/11.3.1/../../../../arm-none-eabi/lib/thumb/v7-m/nofp\libc_nano.a(libc_a-lseekr.o)
[...]
Memory Configuration

Name             Origin             Length             Attributes
RAM              0x0000000020000000 0x0000000000005000 xrw
FLASH            0x0000000008000000 0x0000000000010000 xr
*default*        0x0000000000000000 0xffffffffffffffff

Linker script and memory map

LOAD C:/ST/STM32CubeIDE_1.13.2/STM32CubeIDE/plugins/com.st.stm32cube.ide.mcu.externaltools.gnu-tools-for-stm32.11.3.rel1.win32_1.1.1.202309131626/tools/bin/../lib/gcc/arm-none-eabi/11.3.1/thumb/v7-m/nofp/crti.o
LOAD C:/ST/STM32CubeIDE_1.13.2/STM32CubeIDE/plugins/com.st.stm32cube.ide.mcu.externaltools.gnu-tools-for-stm32.11.3.rel1.win32_1.1.1.202309131626/tools/bin/../lib/gcc/arm-none-eabi/11.3.1/thumb/v7-m/nofp/crtbegin.o
LOAD C:/ST/STM32CubeIDE_1.13.2/STM32CubeIDE/plugins/com.st.stm32cube.ide.mcu.externaltools.gnu-tools-for-stm32.11.3.rel1.win32_1.1.1.202309131626/tools/bin/../lib/gcc/arm-none-eabi/11.3.1/../../../../arm-none-eabi/lib/thumb/v7-m/nofp/crt0.o
LOAD ./Src/Delay.o
LOAD ./Src/GPIO.o
LOAD ./Src/ISR_Interrupts.o
LOAD ./Src/LCD.o
LOAD ./Src/NVIC.o
LOAD ./Src/RCC.o
LOAD ./Src/Systick.o
LOAD ./Src/main.o
LOAD ./Src/syscalls.o
LOAD ./Src/sysmem.o
LOAD ./Startup/startup_stm32f103c8tx.o
START GROUP
LOAD C:/ST/STM32CubeIDE_1.13.2/STM32CubeIDE/plugins/com.st.stm32cube.ide.mcu.externaltools.gnu-tools-for-stm32.11.3.rel1.win32_1.1.1.202309131626/tools/bin/../lib/gcc/arm-none-eabi/11.3.1/../../../../arm-none-eabi/lib/thumb/v7-m/nofp\libc_nano.a
LOAD C:/ST/STM32CubeIDE_1.13.2/STM32CubeIDE/plugins/com.st.stm32cube.ide.mcu.externaltools.gnu-tools-for-stm32.11.3.rel1.win32_1.1.1.202309131626/tools/bin/../lib/gcc/arm-none-eabi/11.3.1/../../../../arm-none-eabi/lib/thumb/v7-m/nofp\libm.a
END GROUP
START GROUP
LOAD C:/ST/STM32CubeIDE_1.13.2/STM32CubeIDE/plugins/com.st.stm32cube.ide.mcu.externaltools.gnu-tools-for-stm32.11.3.rel1.win32_1.1.1.202309131626/tools/bin/../lib/gcc/arm-none-eabi/11.3.1/thumb/v7-m/nofp\libgcc.a
LOAD C:/ST/STM32CubeIDE_1.13.2/STM32CubeIDE/plugins/com.st.stm32cube.ide.mcu.externaltools.gnu-tools-for-stm32.11.3.rel1.win32_1.1.1.202309131626/tools/bin/../lib/gcc/arm-none-eabi/11.3.1/../../../../arm-none-eabi/lib/thumb/v7-m/nofp\libc_nano.a
END GROUP
START GROUP
LOAD C:/ST/STM32CubeIDE_1.13.2/STM32CubeIDE/plugins/com.st.stm32cube.ide.mcu.externaltools.gnu-tools-for-stm32.11.3.rel1.win32_1.1.1.202309131626/tools/bin/../lib/gcc/arm-none-eabi/11.3.1/thumb/v7-m/nofp\libgcc.a
LOAD C:/ST/STM32CubeIDE_1.13.2/STM32CubeIDE/plugins/com.st.stm32cube.ide.mcu.externaltools.gnu-tools-for-stm32.11.3.rel1.win32_1.1.1.202309131626/tools/bin/../lib/gcc/arm-none-eabi/11.3.1/../../../../arm-none-eabi/lib/thumb/v7-m/nofp\libc_nano.a
LOAD C:/ST/STM32CubeIDE_1.13.2/STM32CubeIDE/plugins/com.st.stm32cube.ide.mcu.externaltools.gnu-tools-for-stm32.11.3.rel1.win32_1.1.1.202309131626/tools/bin/../lib/gcc/arm-none-eabi/11.3.1/../../../../arm-none-eabi/lib/thumb/v7-m/nofp\libnosys.a
END GROUP
START GROUP
LOAD C:/ST/STM32CubeIDE_1.13.2/STM32CubeIDE/plugins/com.st.stm32cube.ide.mcu.externaltools.gnu-tools-for-stm32.11.3.rel1.win32_1.1.1.202309131626/tools/bin/../lib/gcc/arm-none-eabi/11.3.1/thumb/v7-m/nofp\libgcc.a
LOAD C:/ST/STM32CubeIDE_1.13.2/STM32CubeIDE/plugins/com.st.stm32cube.ide.mcu.externaltools.gnu-tools-for-stm32.11.3.rel1.win32_1.1.1.202309131626/tools/bin/../lib/gcc/arm-none-eabi/11.3.1/../../../../arm-none-eabi/lib/thumb/v7-m/nofp\libc_nano.a
LOAD C:/ST/STM32CubeIDE_1.13.2/STM32CubeIDE/plugins/com.st.stm32cube.ide.mcu.externaltools.gnu-tools-for-stm32.11.3.rel1.win32_1.1.1.202309131626/tools/bin/../lib/gcc/arm-none-eabi/11.3.1/../../../../arm-none-eabi/lib/thumb/v7-m/nofp\libnosys.a
END GROUP
LOAD C:/ST/STM32CubeIDE_1.13.2/STM32CubeIDE/plugins/com.st.stm32cube.ide.mcu.externaltools.gnu-tools-for-stm32.11.3.rel1.win32_1.1.1.202309131626/tools/bin/../lib/gcc/arm-none-eabi/11.3.1/thumb/v7-m/nofp/crtend.o
LOAD C:/ST/STM32CubeIDE_1.13.2/STM32CubeIDE/plugins/com.st.stm32cube.ide.mcu.externaltools.gnu-tools-for-stm32.11.3.rel1.win32_1.1.1.202309131626/tools/bin/../lib/gcc/arm-none-eabi/11.3.1/thumb/v7-m/nofp/crtn.o
                0x0000000020005000                _estack = (ORIGIN (RAM) + LENGTH (RAM))
                0x0000000000000200                _Min_Heap_Size = 0x200
                0x0000000000000400                _Min_Stack_Size = 0x400

.isr_vector     0x0000000008000000      0x130
                0x0000000008000000                . = ALIGN (0x4)
 *(.isr_vector)
 .isr_vector    0x0000000008000000      0x130 ./Startup/startup_stm32f103c8tx.o
                0x0000000008000000                g_pfnVectors
                0x0000000008000130                . = ALIGN (0x4)

.text           0x0000000008000130     0x12a4
                0x0000000008000130                . = ALIGN (0x4)
 *(.text)
 .text          0x0000000008000130       0x40 C:/ST/STM32CubeIDE_1.13.2/STM32CubeIDE/plugins/com.st.stm32cube.ide.mcu.externaltools.gnu-tools-for-stm32.11.3.rel1.win32_1.1.1.202309131626/tools/bin/../lib/gcc/arm-none-eabi/11.3.1/thumb/v7-m/nofp/crtbegin.o
 .text          0x0000000008000170      0x21c C:/ST/STM32CubeIDE_1.13.2/STM32CubeIDE/plugins/com.st.stm32cube.ide.mcu.externaltools.gnu-tools-for-stm32.11.3.rel1.win32_1.1.1.202309131626/tools/bin/../lib/gcc/arm-none-eabi/11.3.1/thumb/v7-m/nofp\libgcc.a(_arm_addsubsf3.o)
                0x0000000008000170                __aeabi_frsub
                0x0000000008000178                __subsf3
                0x0000000008000178                __aeabi_fsub
                0x000000000800017c                __aeabi_fadd
                0x000000000800017c                __addsf3
                0x00000000080002dc                __aeabi_ui2f
                0x00000000080002dc                __floatunsisf
                0x00000000080002e4                __aeabi_i2f
                0x00000000080002e4                __floatsisf
                0x0000000008000300                __aeabi_ul2f
                0x0000000008000300                __floatundisf
                0x0000000008000310                __aeabi_l2f
                0x0000000008000310                __floatdisf
 .text          0x000000000800038c      0x2a0 C:/ST/STM32CubeIDE_1.13.2/STM32CubeIDE/plugins/com.st.stm32cube.ide.mcu.externaltools.gnu-tools-for-stm32.11.3.rel1.win32_1.1.1.202309131626/tools/bin/../lib/gcc/arm-none-eabi/11.3.1/thumb/v7-m/nofp\libgcc.a(_arm_muldivsf3.o)
                0x000000000800038c                __mulsf3
                0x000000000800038c                __aeabi_fmul
                0x00000000080004f4                __aeabi_fdiv
                0x00000000080004f4                __divsf3
 .text          0x000000000800062c       0x40 C:/ST/STM32CubeIDE_1.13.2/STM32CubeIDE/plugins/com.st.stm32cube.ide.mcu.externaltools.gnu-tools-for-stm32.11.3.rel1.win32_1.1.1.202309131626/tools/bin/../lib/gcc/arm-none-eabi/11.3.1/thumb/v7-m/nofp\libgcc.a(_arm_fixunssfsi.o)
                0x000000000800062c                __fixunssfsi
                0x000000000800062c                __aeabi_f2uiz
 *(.text*)
 .text._delay_ms
                0x000000000800066c       0x68 ./Src/Delay.o
                0x000000000800066c                _delay_ms
 .text.DIO_voidSetPinDirection
                0x00000000080006d4      0x35c ./Src/GPIO.o
                0x00000000080006d4                DIO_voidSetPinDirection
 .text.DIO_voidSetPinValue
                0x0000000008000a30       0xf4 ./Src/GPIO.o
                0x0000000008000a30                DIO_voidSetPinValue
 .text.WWDG_IRQHandler
                0x0000000008000b24       0x64 ./Src/ISR_Interrupts.o
                0x0000000008000b24                WWDG_IRQHandler
 .text.ADC3_IRQHandler
                0x0000000008000b88       0x22 ./Src/ISR_Interrupts.o
                0x0000000008000b88                ADC3_IRQHandler
 .text.LCD_Init
                0x0000000008000baa       0xb0 ./Src/LCD.o
                0x0000000008000baa                LCD_Init
 .text.LCD_clear
                0x0000000008000c5a       0x20 ./Src/LCD.o
                0x0000000008000c5a                LCD_clear
 .text.LCD_SendString1
                0x0000000008000c7a       0x4c ./Src/LCD.o
                0x0000000008000c7a                LCD_SendString1
 .text.LCD_SendCommand
                0x0000000008000cc6       0x2e ./Src/LCD.o
 .text.write_data
                0x0000000008000cf4      0x108 ./Src/LCD.o
 .text.SET_PIN  0x0000000008000dfc       0x30 ./Src/LCD.o
                0x0000000008000dfc                SET_PIN
 .text.LCD_SendData
                0x0000000008000e2c       0x2e ./Src/LCD.o
                0x0000000008000e2c                LCD_SendData
 *fill*         0x0000000008000e5a        0x2 
 .text.LCD_GoTo
                0x0000000008000e5c       0x68 ./Src/LCD.o
                0x0000000008000e5c                LCD_GoTo
 .text.DNVIC_SetPendingIRQ
                0x0000000008000ec4       0x9c ./Src/NVIC.o
                0x0000000008000ec4                DNVIC_SetPendingIRQ
 .text.DNVIC_ClearPendingIRQ
                0x0000000008000f60       0x9c ./Src/NVIC.o
                0x0000000008000f60                DNVIC_ClearPendingIRQ
 .text.MRCC_voidInit
                0x0000000008000ffc       0x40 ./Src/RCC.o
                0x0000000008000ffc                MRCC_voidInit
 .text.MRCC_enumSetPeripheralClock
                0x000000000800103c      0x130 ./Src/RCC.o
                0x000000000800103c                MRCC_enumSetPeripheralClock
 .text.SYSTICK_Init
                0x000000000800116c       0x2c ./Src/Systick.o
                0x000000000800116c                SYSTICK_Init
 .text.SYSTICK_Start
                0x0000000008001198       0x20 ./Src/Systick.o
                0x0000000008001198                SYSTICK_Start
 .text.SYSTICK_SetCallback
                0x00000000080011b8       0x20 ./Src/Systick.o
                0x00000000080011b8                SYSTICK_SetCallback
 .text.SYSTICK_SetTime
                0x00000000080011d8       0x28 ./Src/Systick.o
                0x00000000080011d8                SYSTICK_SetTime
 .text.SysTick_Handler
                0x0000000008001200       0x3c ./Src/Systick.o
                0x0000000008001200                SysTick_Handler
 .text.main     0x000000000800123c       0xbc ./Src/main.o
                0x000000000800123c                main
 .text.toggle_led
                0x00000000080012f8       0x28 ./Src/main.o
                0x00000000080012f8                toggle_led
 .text.Reset_Handler
                0x0000000008001320       0x50 ./Startup/startup_stm32f103c8tx.o
                0x0000000008001320                Reset_Handler
 .text.Default_Handler
                0x0000000008001370        0x2 ./Startup/startup_stm32f103c8tx.o
                0x0000000008001370                EXTI2_IRQHandler
                0x0000000008001370                TIM8_TRG_COM_IRQHandler
                0x0000000008001370                TIM8_CC_IRQHandler
                0x0000000008001370                DebugMon_Handler
                0x0000000008001370                TIM1_CC_IRQHandler
                0x0000000008001370                HardFault_Handler
                0x0000000008001370                TIM6_IRQHandler
                0x0000000008001370                PVD_IRQHandler
                0x0000000008001370                SDIO_IRQHandler
                0x0000000008001370                PendSV_Handler
                0x0000000008001370                NMI_Handler
                0x0000000008001370                EXTI3_IRQHandler
                0x0000000008001370                USB_HP_CAN_TX_IRQHandler
                0x0000000008001370                EXTI0_IRQHandler
                0x0000000008001370                I2C2_EV_IRQHandler
                0x0000000008001370                UsageFault_Handler
                0x0000000008001370                ADC1_2_IRQHandler
                0x0000000008001370                SPI1_IRQHandler
                0x0000000008001370                CAN_SCE_IRQHandler
                0x0000000008001370                TAMPER_IRQHandler
                0x0000000008001370                TIM8_UP_IRQHandler
                0x0000000008001370                DMA2_Channel2_IRQHandler
                0x0000000008001370                DMA1_Channel4_IRQHandler
                0x0000000008001370                USART3_IRQHandler
                0x0000000008001370                RTC_IRQHandler
                0x0000000008001370                DMA1_Channel7_IRQHandler
                0x0000000008001370                UART5_IRQHandler
                0x0000000008001370                TIM4_IRQHandler
                0x0000000008001370                CAN_RX1_IRQHandler
                0x0000000008001370                DMA2_Channel1_IRQHandler
                0x0000000008001370                I2C1_EV_IRQHandler
                0x0000000008001370                DMA1_Channel6_IRQHandler
                0x0000000008001370                UART4_IRQHandler
                0x0000000008001370                TIM3_IRQHandler
                0x0000000008001370                RCC_IRQHandler
                0x0000000008001370                TIM1_TRG_COM_IRQHandler
                0x0000000008001370                DMA1_Channel1_IRQHandler
                0x0000000008001370                Default_Handler
                0x0000000008001370                EXTI15_10_IRQHandler
                0x0000000008001370                TIM7_IRQHandler
                0x0000000008001370                TIM5_IRQHandler
                0x0000000008001370                EXTI9_5_IRQHandler
                0x0000000008001370                SPI2_IRQHandler
                0x0000000008001370                USB_LP_CAN_RX0_IRQHandler
                0x0000000008001370                MemManage_Handler
                0x0000000008001370                SVC_Handler
                0x0000000008001370                DMA1_Channel5_IRQHandler
                0x0000000008001370                EXTI4_IRQHandler
                0x0000000008001370                DMA1_Channel3_IRQHandler
                0x0000000008001370                FSMC_IRQHandler
                0x0000000008001370                TIM1_UP_IRQHandler
                0x0000000008001370                TIM2_IRQHandler
                0x0000000008001370                TIM1_BRK_IRQHandler
                0x0000000008001370                EXTI1_IRQHandler
                0x0000000008001370                RTCAlarm_IRQHandler
                0x0000000008001370                DMA2_Channel4_5_IRQHandler
                0x0000000008001370                USART2_IRQHandler
                0x0000000008001370                I2C2_ER_IRQHandler
                0x0000000008001370                DMA1_Channel2_IRQHandler
                0x0000000008001370                TIM8_BRK_IRQHandler
                0x0000000008001370                FLASH_IRQHandler
                0x0000000008001370                BusFault_Handler
                0x0000000008001370                USART1_IRQHandler
                0x0000000008001370                SPI3_IRQHandler
                0x0000000008001370                I2C1_ER_IRQHandler
                0x0000000008001370                DMA2_Channel3_IRQHandler
 *fill*         0x0000000008001372        0x2 
 .text.__libc_init_array
                0x0000000008001374       0x48 C:/ST/STM32CubeIDE_1.13.2/STM32CubeIDE/plugins/com.st.stm32cube.ide.mcu.externaltools.gnu-tools-for-stm32.11.3.rel1.win32_1.1.1.202309131626/tools/bin/../lib/gcc/arm-none-eabi/11.3.1/../../../../arm-none-eabi/lib/thumb/v7-m/nofp\libc_nano.a(libc_a-init.o)
                0x0000000008001374                __libc_init_array
 *(.glue_7)
 .glue_7        0x00000000080013bc        0x0 linker stubs
 *(.glue_7t)
 .glue_7t       0x00000000080013bc        0x0 linker stubs
 *(.eh_frame)
 .eh_frame      0x00000000080013bc        0x0 C:/ST/STM32CubeIDE_1.13.2/STM32CubeIDE/plugins/com.st.stm32cube.ide.mcu.externaltools.gnu-tools-for-stm32.11.3.rel1.win32_1.1.1.202309131626/tools/bin/../lib/gcc/arm-none-eabi/11.3.1/thumb/v7-m/nofp/crtbegin.o
 *(.init)
 .init          0x00000000080013bc        0x4 C:/ST/STM32CubeIDE_1.13.2/STM32CubeIDE/plugins/com.st.stm32cube.ide.mcu.externaltools.gnu-tools-for-stm32.11.3.rel1.win32_1.1.1.202309131626/tools/bin/../lib/gcc/arm-none-eabi/11.3.1/thumb/v7-m/nofp/crti.o
                0x00000000080013bc                _init
 .init          0x00000000080013c0        0x8 C:/ST/STM32CubeIDE_1.13.2/STM32CubeIDE/plugins/com.st.stm32cube.ide.mcu.externaltools.gnu-tools-for-stm32.11.3.rel1.win32_1.1.1.202309131626/tools/bin/../lib/gcc/arm-none-eabi/11.3.1/thumb/v7-m/nofp/crtn.o
 *(.fini)
 .fini          0x00000000080013c8        0x4 C:/ST/STM32CubeIDE_1.13.2/STM32CubeIDE/plugins/com.st.stm32cube.ide.mcu.externaltools.gnu-tools-for-stm32.11.3.rel1.win32_1.1.1.202309131626/tools/bin/../lib/gcc/arm-none-eabi/11.3.1/thumb/v7-m/nofp/crti.o
                0x00000000080013c8                _fini
 .fini          0x00000000080013cc        0x8 C:/ST/STM32CubeIDE_1.13.2/STM32CubeIDE/plugins/com.st.stm32cube.ide.mcu.externaltools.gnu-tools-for-stm32.11.3.rel1.win32_1.1.1.202309131626/tools/bin/../lib/gcc/arm-none-eabi/11.3.1/thumb/v7-m/nofp/crtn.o
                0x00000000080013d4                . = ALIGN (0x4)
                0x00000000080013d4                _etext = .

.vfp11_veneer   0x00000000080013d4        0x0
 .vfp11_veneer  0x00000000080013d4        0x0 linker stubs

.v4_bx          0x00000000080013d4        0x0
 .v4_bx         0x00000000080013d4        0x0 linker stubs

.iplt           0x00000000080013d4        0x0
 .iplt          0x00000000080013d4        0x0 C:/ST/STM32CubeIDE_1.13.2/STM32CubeIDE/plugins/com.st.stm32cube.ide.mcu.externaltools.gnu-tools-for-stm32.11.3.rel1.win32_1.1.1.202309131626/tools/bin/../lib/gcc/arm-none-eabi/11.3.1/thumb/v7-m/nofp/crtbegin.o

.rodata         0x00000000080013d4       0x24
                0x00000000080013d4                . = ALIGN (0x4)
 *(.rodata)
 .rodata        0x00000000080013d4       0x13 ./Src/ISR_Interrupts.o
 *fill*         0x00000000080013e7        0x1 
 .rodata        0x00000000080013e8        0xe ./Src/main.o
 *(.rodata*)
                0x00000000080013f8                . = ALIGN (0x4)
 *fill*         0x00000000080013f6        0x2 

.rel.dyn        0x00000000080013f8        0x0
 .rel.iplt      0x00000000080013f8        0x0 C:/ST/STM32CubeIDE_1.13.2/STM32CubeIDE/plugins/com.st.stm32cube.ide.mcu.externaltools.gnu-tools-for-stm32.11.3.rel1.win32_1.1.1.202309131626/tools/bin/../lib/gcc/arm-none-eabi/11.3.1/thumb/v7-m/nofp/crtbegin.o

.ARM.extab      0x00000000080013f8        0x0
                0x00000000080013f8                . = ALIGN (0x4)
 *(.ARM.extab* .gnu.linkonce.armextab.*)
                0x00000000080013f8                . = ALIGN (0x4)

.ARM            0x00000000080013f8        0x0
                0x00000000080013f8                . = ALIGN (0x4)
                0x00000000080013f8                __exidx_start = .
 *(.ARM.exidx*)
                0x00000000080013f8                __exidx_end = .
                0x00000000080013f8                . = ALIGN (0x4)

.preinit_array  0x00000000080013f8        0x0
                0x00000000080013f8                . = ALIGN (0x4)
                0x00000000080013f8                PROVIDE (__preinit_array_start = .)
 *(.preinit_array*)
                0x00000000080013f8                PROVIDE (__preinit_array_end = .)
                0x00000000080013f8                . = ALIGN (0x4)

.init_array     0x00000000080013f8        0x4
                0x00000000080013f8                . = ALIGN (0x4)
                0x00000000080013f8                PROVIDE (__init_array_start = .)
 *(SORT_BY_NAME(.init_array.*))
 *(.init_array*)
 .init_array    0x00000000080013f8        0x4 C:/ST/STM32CubeIDE_1.13.2/STM32CubeIDE/plugins/com.st.stm32cube.ide.mcu.externaltools.gnu-tools-for-stm32.11.3.rel1.win32_1.1.1.202309131626/tools/bin/../lib/gcc/arm-none-eabi/11.3.1/thumb/v7-m/nofp/crtbegin.o
                0x00000000080013fc                PROVIDE (__init_array_end = .)
                0x00000000080013fc                . = ALIGN (0x4)

.fini_array     0x00000000080013fc        0x4
                0x00000000080013fc                . = ALIGN (0x4)
                [!provide]                        PROVIDE (__fini_array_start = .)
 *(SORT_BY_NAME(.fini_array.*))
 *(.fini_array*)
 .fini_array    0x00000000080013fc        0x4 C:/ST/STM32CubeIDE_1.13.2/STM32CubeIDE/plugins/com.st.stm32cube.ide.mcu.externaltools.gnu-tools-for-stm32.11.3.rel1.win32_1.1.1.202309131626/tools/bin/../lib/gcc/arm-none-eabi/11.3.1/thumb/v7-m/nofp/crtbegin.o
                [!provide]                        PROVIDE (__fini_array_end = .)
                0x0000000008001400                . = ALIGN (0x4)
                0x0000000008001400                _sidata = LOADADDR (.data)

.data           0x0000000020000000        0x8 load address 0x0000000008001400
                0x0000000020000000                . = ALIGN (0x4)
                0x0000000020000000                _sdata = .
 *(.data)
 *(.data*)
 .data.NV       0x0000000020000000        0x4 ./Src/NVIC.o
                0x0000000020000000                NV
 .data.flag     0x0000000020000004        0x1 ./Src/Systick.o
                0x0000000020000004                flag
 *(.RamFunc)
 *(.RamFunc*)
                0x0000000020000008                . = ALIGN (0x4)
 *fill*         0x0000000020000005        0x3 
                0x0000000020000008                _edata = .

.igot.plt       0x0000000020000008        0x0 load address 0x0000000008001408
 .igot.plt      0x0000000020000008        0x0 C:/ST/STM32CubeIDE_1.13.2/STM32CubeIDE/plugins/com.st.stm32cube.ide.mcu.externaltools.gnu-tools-for-stm32.11.3.rel1.win32_1.1.1.202309131626/tools/bin/../lib/gcc/arm-none-eabi/11.3.1/thumb/v7-m/nofp/crtbegin.o
                0x0000000020000008                . = ALIGN (0x4)

.bss            0x0000000020000008       0x24 load address 0x0000000008001408
                0x0000000020000008                _sbss = .
                0x0000000020000008                __bss_start__ = _sbss
 *(.bss)
 .bss           0x0000000020000008       0x1c C:/ST/STM32CubeIDE_1.13.2/STM32CubeIDE/plugins/com.st.stm32cube.ide.mcu.externaltools.gnu-tools-for-stm32.11.3.rel1.win32_1.1.1.202309131626/tools/bin/../lib/gcc/arm-none-eabi/11.3.1/thumb/v7-m/nofp/crtbegin.o
 *(.bss*)
 .bss.APPcbf    0x0000000020000024        0x4 ./Src/Systick.o
                0x0000000020000024                APPcbf
 .bss.counter   0x0000000020000028        0x1 ./Src/Systick.o
                0x0000000020000028                counter
 *(COMMON)
                0x000000002000002c                . = ALIGN (0x4)
 *fill*         0x0000000020000029        0x3 
                0x000000002000002c                _ebss = .
                0x000000002000002c                __bss_end__ = _ebss

._user_heap_stack
                0x000000002000002c      0x604 load address 0x0000000008001408
                0x0000000020000030                . = ALIGN (0x8)
 *fill*         0x000000002000002c        0x4 
                [!provide]                        PROVIDE (end = .)
                0x0000000020000030                PROVIDE (_end = .)
                0x0000000020000230                . = (. + _Min_Heap_Size)
 *fill*         0x0000000020000030      0x200 
                0x0000000020000630                . = (. + _Min_Stack_Size)
 *fill*         0x0000000020000230      0x400 
                0x0000000020000630                . = ALIGN (0x8)

/DISCARD/
 libc.a(*)
 libm.a(*)
 libgcc.a(*)

.ARM.attributes
                0x0000000000000000       0x29
 *(.ARM.attributes)
 .ARM.attributes
                0x0000000000000000       0x1d C:/ST/STM32CubeIDE_1.13.2/STM32CubeIDE/plugins/com.st.stm32cube.ide.mcu.externaltools.gnu-tools-for-stm32.11.3.rel1.win32_1.1.1.202309131626/tools/bin/../lib/gcc/arm-none-eabi/11.3.1/thumb/v7-m/nofp/crti.o
 .ARM.attributes
                0x000000000000001d       0x2d C:/ST/STM32CubeIDE_1.13.2/STM32CubeIDE/plugins/com.st.stm32cube.ide.mcu.externaltools.gnu-tools-for-stm32.11.3.rel1.win32_1.1.1.202309131626/tools/bin/../lib/gcc/arm-none-eabi/11.3.1/thumb/v7-m/nofp/crtbegin.o
 .ARM.attributes
                0x000000000000004a       0x2d ./Src/Delay.o
 .ARM.attributes
                0x0000000000000077       0x2d ./Src/GPIO.o
 .ARM.attributes
                0x00000000000000a4       0x2d ./Src/ISR_Interrupts.o
 .ARM.attributes
                0x00000000000000d1       0x2d ./Src/LCD.o
 .ARM.attributes
                0x00000000000000fe       0x2d ./Src/NVIC.o
 .ARM.attributes
                0x000000000000012b       0x2d ./Src/RCC.o
 .ARM.attributes
                0x0000000000000158       0x2d ./Src/Systick.o
 .ARM.attributes
                0x0000000000000185       0x2d ./Src/main.o
 .ARM.attributes
                0x00000000000001b2       0x21 ./Startup/startup_stm32f103c8tx.o
 .ARM.attributes
                0x00000000000001d3       0x2d C:/ST/STM32CubeIDE_1.13.2/STM32CubeIDE/plugins/com.st.stm32cube.ide.mcu.externaltools.gnu-tools-for-stm32.11.3.rel1.win32_1.1.1.202309131626/tools/bin/../lib/gcc/arm-none-eabi/11.3.1/../../../../arm-none-eabi/lib/thumb/v7-m/nofp\libc_nano.a(libc_a-init.o)
 .ARM.attributes
                0x0000000000000200       0x1d C:/ST/STM32CubeIDE_1.13.2/STM32CubeIDE/plugins/com.st.stm32cube.ide.mcu.externaltools.gnu-tools-for-stm32.11.3.rel1.win32_1.1.1.202309131626/tools/bin/../lib/gcc/arm-none-eabi/11.3.1/thumb/v7-m/nofp\libgcc.a(_arm_addsubsf3.o)
 .ARM.attributes
                0x000000000000021d       0x1d C:/ST/STM32CubeIDE_1.13.2/STM32CubeIDE/plugins/com.st.stm32cube.ide.mcu.externaltools.gnu-tools-for-stm32.11.3.rel1.win32_1.1.1.202309131626/tools/bin/../lib/gcc/arm-none-eabi/11.3.1/thumb/v7-m/nofp\libgcc.a(_arm_muldivsf3.o)
 .ARM.attributes
                0x000000000000023a       0x1d C:/ST/STM32CubeIDE_1.13.2/STM32CubeIDE/plugins/com.st.stm32cube.ide.mcu.externaltools.gnu-tools-for-stm32.11.3.rel1.win32_1.1.1.202309131626/tools/bin/../lib/gcc/arm-none-eabi/11.3.1/thumb/v7-m/nofp\libgcc.a(_arm_fixunssfsi.o)
 .ARM.attributes
                0x0000000000000257       0x1d C:/ST/STM32CubeIDE_1.13.2/STM32CubeIDE/plugins/com.st.stm32cube.ide.mcu.externaltools.gnu-tools-for-stm32.11.3.rel1.win32_1.1.1.202309131626/tools/bin/../lib/gcc/arm-none-eabi/11.3.1/thumb/v7-m/nofp/crtn.o
OUTPUT(stm32.elf elf32-littlearm)
LOAD linker stubs
LOAD C:/ST/STM32CubeIDE_1.13.2/STM32CubeIDE/plugins/com.st.stm32cube.ide.mcu.externaltools.gnu-tools-for-stm32.11.3.rel1.win32_1.1.1.202309131626/tools/bin/../lib/gcc/arm-none-eabi/11.3.1/../../../../arm-none-eabi/lib/thumb/v7-m/nofp\libc.a
LOAD C:/ST/STM32CubeIDE_1.13.2/STM32CubeIDE/plugins/com.st.stm32cube.ide.mcu.externaltools.gnu-tools-for-stm32.11.3.rel1.win32_1.1.1.202309131626/tools/bin/../lib/gcc/arm-none-eabi/11.3.1/../../../../arm-none-eabi/lib/thumb/v7-m/nofp\libm.a
LOAD C:/ST/STM32CubeIDE_1.13.2/STM32CubeIDE/plugins/com.st.stm32cube.ide.mcu.externaltools.gnu-tools-for-stm32.11.3.rel1.win32_1.1.1.202309131626/tools/bin/../lib/gcc/arm-none-eabi/11.3.1/thumb/v7-m/nofp\libgcc.a

.comment        0x0000000000000000       0x43
 .comment       0x0000000000000000       0x43 C:/ST/STM32CubeIDE_1.13.2/STM32CubeIDE/plugins/com.st.stm32cube.ide.mcu.externaltools.gnu-tools-for-stm32.11.3.rel1.win32_1.1.1.202309131626/tools/bin/../lib/gcc/arm-none-eabi/11.3.1/thumb/v7-m/nofp/crtbegin.o
                                         0x44 (size before relaxing)
 .comment       0x0000000000000043       0x44 ./Src/Delay.o
 .comment       0x0000000000000043       0x44 ./Src/GPIO.o
 .comment       0x0000000000000043       0x44 ./Src/ISR_Interrupts.o
 .comment       0x0000000000000043       0x44 ./Src/LCD.o
 .comment       0x0000000000000043       0x44 ./Src/NVIC.o
 .comment       0x0000000000000043       0x44 ./Src/RCC.o
 .comment       0x0000000000000043       0x44 ./Src/Systick.o
 .comment       0x0000000000000043       0x44 ./Src/main.o

.debug_info     0x0000000000000000     0x1342
 .debug_info    0x0000000000000000       0xc7 ./Src/Delay.o
 .debug_info    0x00000000000000c7      0x28c ./Src/GPIO.o
 .debug_info    0x0000000000000353      0x181 ./Src/ISR_Interrupts.o
 .debug_info    0x00000000000004d4      0x45b ./Src/LCD.o
 .debug_info    0x000000000000092f      0x3d2 ./Src/NVIC.o
 .debug_info    0x0000000000000d01      0x19b ./Src/RCC.o
 .debug_info    0x0000000000000e9c      0x19c ./Src/Systick.o
 .debug_info    0x0000000000001038      0x2e7 ./Src/main.o
 .debug_info    0x000000000000131f       0x23 ./Startup/startup_stm32f103c8tx.o

.debug_abbrev   0x0000000000000000      0x927
 .debug_abbrev  0x0000000000000000       0x87 ./Src/Delay.o
 .debug_abbrev  0x0000000000000087      0x10c ./Src/GPIO.o
 .debug_abbrev  0x0000000000000193       0xe9 ./Src/ISR_Interrupts.o
 .debug_abbrev  0x000000000000027c      0x1bb ./Src/LCD.o
 .debug_abbrev  0x0000000000000437      0x173 ./Src/NVIC.o
 .debug_abbrev  0x00000000000005aa       0xfd ./Src/RCC.o
 .debug_abbrev  0x00000000000006a7       0xe0 ./Src/Systick.o
 .debug_abbrev  0x0000000000000787      0x18e ./Src/main.o
 .debug_abbrev  0x0000000000000915       0x12 ./Startup/startup_stm32f103c8tx.o

.debug_aranges  0x0000000000000000      0x290
 .debug_aranges
                0x0000000000000000       0x20 ./Src/Delay.o
 .debug_aranges
                0x0000000000000020       0x50 ./Src/GPIO.o
 .debug_aranges
                0x0000000000000070       0x28 ./Src/ISR_Interrupts.o
 .debug_aranges
                0x0000000000000098       0x98 ./Src/LCD.o
 .debug_aranges
                0x0000000000000130       0x98 ./Src/NVIC.o
 .debug_aranges
                0x00000000000001c8       0x28 ./Src/RCC.o
 .debug_aranges
                0x00000000000001f0       0x48 ./Src/Systick.o
 .debug_aranges
                0x0000000000000238       0x30 ./Src/main.o
 .debug_aranges
                0x0000000000000268       0x28 ./Startup/startup_stm32f103c8tx.o

.debug_rnglists
                0x0000000000000000      0x1cd
 .debug_rnglists
                0x0000000000000000       0x13 ./Src/Delay.o
 .debug_rnglists
                0x0000000000000013       0x39 ./Src/GPIO.o
 .debug_rnglists
                0x000000000000004c       0x19 ./Src/ISR_Interrupts.o
 .debug_rnglists
                0x0000000000000065       0x70 ./Src/LCD.o
 .debug_rnglists
                0x00000000000000d5       0x74 ./Src/NVIC.o
 .debug_rnglists
                0x0000000000000149       0x1a ./Src/RCC.o
 .debug_rnglists
                0x0000000000000163       0x31 ./Src/Systick.o
 .debug_rnglists
                0x0000000000000194       0x20 ./Src/main.o
 .debug_rnglists
                0x00000000000001b4       0x19 ./Startup/startup_stm32f103c8tx.o

.debug_macro    0x0000000000000000     0x1bc3
 .debug_macro   0x0000000000000000       0x7b ./Src/Delay.o
 .debug_macro   0x000000000000007b      0xaa2 ./Src/Delay.o
 .debug_macro   0x0000000000000b1d       0x22 ./Src/Delay.o
 .debug_macro   0x0000000000000b3f       0x8e ./Src/Delay.o
 .debug_macro   0x0000000000000bcd       0x51 ./Src/Delay.o
 .debug_macro   0x0000000000000c1e      0x103 ./Src/Delay.o
 .debug_macro   0x0000000000000d21       0x6a ./Src/Delay.o
 .debug_macro   0x0000000000000d8b      0x1df ./Src/Delay.o
 .debug_macro   0x0000000000000f6a       0x2e ./Src/Delay.o
 .debug_macro   0x0000000000000f98       0x16 ./Src/Delay.o
 .debug_macro   0x0000000000000fae       0x8d ./Src/GPIO.o
 .debug_macro   0x000000000000103b       0x22 ./Src/GPIO.o
 .debug_macro   0x000000000000105d       0x9a ./Src/GPIO.o
 .debug_macro   0x00000000000010f7       0xe2 ./Src/GPIO.o
 .debug_macro   0x00000000000011d9       0xb7 ./Src/ISR_Interrupts.o
 .debug_macro   0x0000000000001290       0x52 ./Src/ISR_Interrupts.o
 .debug_macro   0x00000000000012e2       0x16 ./Src/ISR_Interrupts.o
 .debug_macro   0x00000000000012f8      0x1b3 ./Src/ISR_Interrupts.o
 .debug_macro   0x00000000000014ab      0x176 ./Src/LCD.o
 .debug_macro   0x0000000000001621       0x8d ./Src/NVIC.o
 .debug_macro   0x00000000000016ae       0x28 ./Src/NVIC.o
 .debug_macro   0x00000000000016d6       0x96 ./Src/RCC.o
 .debug_macro   0x000000000000176c       0xee ./Src/RCC.o
 .debug_macro   0x000000000000185a       0x40 ./Src/RCC.o
 .debug_macro   0x000000000000189a       0x5e ./Src/RCC.o
 .debug_macro   0x00000000000018f8       0x96 ./Src/Systick.o
 .debug_macro   0x000000000000198e       0x2e ./Src/Systick.o
 .debug_macro   0x00000000000019bc       0x3a ./Src/Systick.o
 .debug_macro   0x00000000000019f6       0x16 ./Src/Systick.o
 .debug_macro   0x0000000000001a0c       0xc9 ./Src/main.o
 .debug_macro   0x0000000000001ad5       0xee ./Src/main.o

.debug_line     0x0000000000000000     0x2c84
 .debug_line    0x0000000000000000      0x447 ./Src/Delay.o
 .debug_line    0x0000000000000447      0x645 ./Src/GPIO.o
 .debug_line    0x0000000000000a8c      0x499 ./Src/ISR_Interrupts.o
 .debug_line    0x0000000000000f25      0x709 ./Src/LCD.o
 .debug_line    0x000000000000162e      0x6f1 ./Src/NVIC.o
 .debug_line    0x0000000000001d1f      0x4e6 ./Src/RCC.o
 .debug_line    0x0000000000002205      0x4e9 ./Src/Systick.o
 .debug_line    0x00000000000026ee      0x51b ./Src/main.o
 .debug_line    0x0000000000002c09       0x7b ./Startup/startup_stm32f103c8tx.o

.debug_str      0x0000000000000000     0x569a
 .debug_str     0x0000000000000000     0x3bf1 ./Src/Delay.o
                                       0x3d5b (size before relaxing)
 .debug_str     0x0000000000003bf1      0x77b ./Src/GPIO.o
                                       0x44b0 (size before relaxing)
 .debug_str     0x000000000000436c      0x50f ./Src/ISR_Interrupts.o
                                       0x457e (size before relaxing)
 .debug_str     0x000000000000487b      0x45d ./Src/LCD.o
                                       0x48d9 (size before relaxing)
 .debug_str     0x0000000000004cd8      0x27e ./Src/NVIC.o
                                       0x442b (size before relaxing)
 .debug_str     0x0000000000004f56      0x454 ./Src/RCC.o
                                       0x4215 (size before relaxing)
 .debug_str     0x00000000000053aa      0x28a ./Src/Systick.o
                                       0x403a (size before relaxing)
 .debug_str     0x0000000000005634       0x37 ./Src/main.o
                                       0x4948 (size before relaxing)
 .debug_str     0x000000000000566b       0x2f ./Startup/startup_stm32f103c8tx.o
                                         0x68 (size before relaxing)

.debug_frame    0x0000000000000000      0x8d0
 .debug_frame   0x0000000000000000       0x34 ./Src/Delay.o
 .debug_frame   0x0000000000000034      0x124 ./Src/GPIO.o
 .debug_frame   0x0000000000000158       0x50 ./Src/ISR_Interrupts.o
 .debug_frame   0x00000000000001a8      0x240 ./Src/LCD.o
 .debug_frame   0x00000000000003e8      0x268 ./Src/NVIC.o
 .debug_frame   0x0000000000000650       0x58 ./Src/RCC.o
 .debug_frame   0x00000000000006a8       0xdc ./Src/Systick.o
 .debug_frame   0x0000000000000784       0x78 ./Src/main.o
 .debug_frame   0x00000000000007fc       0x2c C:/ST/STM32CubeIDE_1.13.2/STM32CubeIDE/plugins/com.st.stm32cube.ide.mcu.externaltools.gnu-tools-for-stm32.11.3.rel1.win32_1.1.1.202309131626/tools/bin/../lib/gcc/arm-none-eabi/11.3.1/../../../../arm-none-eabi/lib/thumb/v7-m/nofp\libc_nano.a(libc_a-init.o)
 .debug_frame   0x0000000000000828       0x4c C:/ST/STM32CubeIDE_1.13.2/STM32CubeIDE/plugins/com.st.stm32cube.ide.mcu.externaltools.gnu-tools-for-stm32.11.3.rel1.win32_1.1.1.202309131626/tools/bin/../lib/gcc/arm-none-eabi/11.3.1/thumb/v7-m/nofp\libgcc.a(_arm_addsubsf3.o)
 .debug_frame   0x0000000000000874       0x38 C:/ST/STM32CubeIDE_1.13.2/STM32CubeIDE/plugins/com.st.stm32cube.ide.mcu.externaltools.gnu-tools-for-stm32.11.3.rel1.win32_1.1.1.202309131626/tools/bin/../lib/gcc/arm-none-eabi/11.3.1/thumb/v7-m/nofp\libgcc.a(_arm_muldivsf3.o)
 .debug_frame   0x00000000000008ac       0x24 C:/ST/STM32CubeIDE_1.13.2/STM32CubeIDE/plugins/com.st.stm32cube.ide.mcu.externaltools.gnu-tools-for-stm32.11.3.rel1.win32_1.1.1.202309131626/tools/bin/../lib/gcc/arm-none-eabi/11.3.1/thumb/v7-m/nofp\libgcc.a(_arm_fixunssfsi.o)

.debug_line_str
                0x0000000000000000       0x5c
 .debug_line_str
                0x0000000000000000       0x5c ./Startup/startup_stm32f103c8tx.o
                                         0x74 (size before relaxing)
